━━━━━━━━━━━━━━━━━━━━━━━━━━━━━━━━━━━━━━━━━━━━━━━━
🟢 Sip & Snacks WhatsApp Bot Starting...
━━━━━━━━━━━━━━━━━━━━━━━━━━━━━━━━━━━━━━━━━━━━━━━━

📱 Open this URL in your browser to scan QR code:
   👉 http://localhost:3001/qr

━━━━━━━━━━━━━━━━━━━━━━━━━━━━━━━━━━━━━━━━━━━━━━━━

✅ WhatsApp connected!

🔍 Searching for group...
🔗 Resolving invite code: Kp6y7Redb7S2qqrS2dA7GV

✅ Found group via invite: "sipsnacks online order" (120363428387928363@g.us)
🔄 Polling https://sipnsnacks.vercel.app for new orders every 15s...


━━━━━━━━━━━━━━━━━━━━━━━━━━━━━━━━━━━━━━━━━━━━━━━━
🟢 Bot is running! Keep this terminal open.
━━━━━━━━━━━━━━━━━━━━━━━━━━━━━━━━━━━━━━━━━━━━━━━━

📤 Order #SNS-140526-011 sent to group! (3:03:14 pm)
⚠️ Connection lost. Reconnecting in 3s...
✅ WhatsApp connected!

🔍 Searching for group...
🔗 Resolving invite code: Kp6y7Redb7S2qqrS2dA7GV

✅ Found group via invite: "sipsnacks online order" (120363428387928363@g.us)
🔄 Polling https://sipnsnacks.vercel.app for new orders every 15s...


━━━━━━━━━━━━━━━━━━━━━━━━━━━━━━━━━━━━━━━━━━━━━━━━
🟢 Bot is running! Keep this terminal open.
━━━━━━━━━━━━━━━━━━━━━━━━━━━━━━━━━━━━━━━━━━━━━━━━

⚠️ Connection lost. Reconnecting in 3s...
✅ WhatsApp connected!

🔍 Searching for group...
🔗 Resolving invite code: Kp6y7Redb7S2qqrS2dA7GV

✅ Found group via invite: "sipsnacks online order" (120363428387928363@g.us)
🔄 Polling https://sipnsnacks.vercel.app for new orders every 15s...


━━━━━━━━━━━━━━━━━━━━━━━━━━━━━━━━━━━━━━━━━━━━━━━━
🟢 Bot is running! Keep this terminal open.
━━━━━━━━━━━━━━━━━━━━━━━━━━━━━━━━━━━━━━━━━━━━━━━━

📤 Order #SNS-140526-012 sent to group! (8:03:13 pm)
📤 Order #SNS-140526-013 sent to group! (9:08:13 pm)
⚠️ Connection lost. Reconnecting in 3s...
✅ WhatsApp connected!

🔍 Searching for group...
🔗 Resolving invite code: Kp6y7Redb7S2qqrS2dA7GV

✅ Found group via invite: "sipsnacks online order" (120363428387928363@g.us)
🔄 Polling https://sipnsnacks.vercel.app for new orders every 15s...


━━━━━━━━━━━━━━━━━━━━━━━━━━━━━━━━━━━━━━━━━━━━━━━━
🟢 Bot is running! Keep this terminal open.
━━━━━━━━━━━━━━━━━━━━━━━━━━━━━━━━━━━━━━━━━━━━━━━━

⚠️ Connection lost. Reconnecting in 3s...
✅ WhatsApp connected!

🔍 Searching for group...
🔗 Resolving invite code: Kp6y7Redb7S2qqrS2dA7GV

✅ Found group via invite: "sipsnacks online order" (120363428387928363@g.us)
🔄 Polling https://sipnsnacks.vercel.app for new orders every 15s...


━━━━━━━━━━━━━━━━━━━━━━━━━━━━━━━━━━━━━━━━━━━━━━━━
🟢 Bot is running! Keep this terminal open.
━━━━━━━━━━━━━━━━━━━━━━━━━━━━━━━━━━━━━━━━━━━━━━━━

⚠️ Connection lost. Reconnecting in 3s...
⚠️ Connection lost. Reconnecting in 3s...
✅ WhatsApp connected!

🔍 Searching for group...
⚠️ Connection lost. Reconnecting in 3s...
🔗 Resolving invite code: Kp6y7Redb7S2qqrS2dA7GV
⚠️ Could not resolve invite code: Connection Closed
🔄 Polling https://sipnsnacks.vercel.app for new orders every 15s...


━━━━━━━━━━━━━━━━━━━━━━━━━━━━━━━━━━━━━━━━━━━━━━━━
🟢 Bot is running! Keep this terminal open.
━━━━━━━━━━━━━━━━━━━━━━━━━━━━━━━━━━━━━━━━━━━━━━━━

⚠️ Connection lost. Reconnecting in 3s...
⚠️ Connection lost. Reconnecting in 3s...
⚠️ Connection lost. Reconnecting in 3s...
⚠️ Connection lost. Reconnecting in 3s...
✅ WhatsApp connected!

🔍 Searching for group...
🔗 Resolving invite code: Kp6y7Redb7S2qqrS2dA7GV
⚠️ Could not resolve invite code: Invalid group metadata response: missing <group> node
🔄 Polling https://sipnsnacks.vercel.app for new orders every 15s...


━━━━━━━━━━━━━━━━━━━━━━━━━━━━━━━━━━━━━━━━━━━━━━━━
🟢 Bot is running! Keep this terminal open.
━━━━━━━━━━━━━━━━━━━━━━━━━━━━━━━━━━━━━━━━━━━━━━━━

⚠️ Connection lost. Reconnecting in 3s...
✅ WhatsApp connected!

🔍 Searching for group...
⚠️ Connection lost. Reconnecting in 3s...
🔗 Resolving invite code: Kp6y7Redb7S2qqrS2dA7GV
⚠️ Could not resolve invite code: Connection Closed
🔄 Polling https://sipnsnacks.vercel.app for new orders every 15s...


━━━━━━━━━━━━━━━━━━━━━━━━━━━━━━━━━━━━━━━━━━━━━━━━
🟢 Bot is running! Keep this terminal open.
━━━━━━━━━━━━━━━━━━━━━━━━━━━━━━━━━━━━━━━━━━━━━━━━

✅ WhatsApp connected!

🔍 Searching for group...
🔗 Resolving invite code: Kp6y7Redb7S2qqrS2dA7GV
⚠️ Connection lost. Reconnecting in 3s...
⚠️ Connection lost. Reconnecting in 3s...
⚠️ Could not resolve invite code: Invalid group metadata response: missing <group> node
🔄 Polling https://sipnsnacks.vercel.app for new orders every 15s...


━━━━━━━━━━━━━━━━━━━━━━━━━━━━━━━━━━━━━━━━━━━━━━━━
🟢 Bot is running! Keep this terminal open.
━━━━━━━━━━━━━━━━━━━━━━━━━━━━━━━━━━━━━━━━━━━━━━━━

⚠️ Connection lost. Reconnecting in 3s...
⚠️ Connection lost. Reconnecting in 3s...
⚠️ Connection lost. Reconnecting in 3s...
⚠️ Connection lost. Reconnecting in 3s...
✅ WhatsApp connected!

🔍 Searching for group...
🔗 Resolving invite code: Kp6y7Redb7S2qqrS2dA7GV

✅ Found group via invite: "sipsnacks online order" (120363428387928363@g.us)
🔄 Polling https://sipnsnacks.vercel.app for new orders every 15s...


━━━━━━━━━━━━━━━━━━━━━━━━━━━━━━━━━━━━━━━━━━━━━━━━
🟢 Bot is running! Keep this terminal open.
━━━━━━━━━━━━━━━━━━━━━━━━━━━━━━━━━━━━━━━━━━━━━━━━

⚠️ Connection lost. Reconnecting in 3s...
⚠️ Connection lost. Reconnecting in 3s...
⚠️ Connection lost. Reconnecting in 3s...
⚠️ Connection lost. Reconnecting in 3s...
⚠️ Connection lost. Reconnecting in 3s...
✅ WhatsApp connected!

🔍 Searching for group...
🔗 Resolving invite code: Kp6y7Redb7S2qqrS2dA7GV
⚠️ Could not resolve invite code: Invalid group metadata response: missing <group> node
🔄 Polling https://sipnsnacks.vercel.app for new orders every 15s...


━━━━━━━━━━━━━━━━━━━━━━━━━━━━━━━━━━━━━━━━━━━━━━━━
🟢 Bot is running! Keep this terminal open.
━━━━━━━━━━━━━━━━━━━━━━━━━━━━━━━━━━━━━━━━━━━━━━━━

⚠️ Connection lost. Reconnecting in 3s...
✅ WhatsApp connected!

🔍 Searching for group...
⚠️ Connection lost. Reconnecting in 3s...
🔗 Resolving invite code: Kp6y7Redb7S2qqrS2dA7GV
⚠️ Could not resolve invite code: Connection Closed
🔄 Polling https://sipnsnacks.vercel.app for new orders every 15s...


━━━━━━━━━━━━━━━━━━━━━━━━━━━━━━━━━━━━━━━━━━━━━━━━
🟢 Bot is running! Keep this terminal open.
━━━━━━━━━━━━━━━━━━━━━━━━━━━━━━━━━━━━━━━━━━━━━━━━

⚠️ Connection lost. Reconnecting in 3s...
⚠️ Connection lost. Reconnecting in 3s...
⚠️ Connection lost. Reconnecting in 3s...
✅ WhatsApp connected!

🔍 Searching for group...
⚠️ Connection lost. Reconnecting in 3s...
🔗 Resolving invite code: Kp6y7Redb7S2qqrS2dA7GV
⚠️ Could not resolve invite code: Connection Closed
🔄 Polling https://sipnsnacks.vercel.app for new orders every 15s...


━━━━━━━━━━━━━━━━━━━━━━━━━━━━━━━━━━━━━━━━━━━━━━━━
🟢 Bot is running! Keep this terminal open.
━━━━━━━━━━━━━━━━━━━━━━━━━━━━━━━━━━━━━━━━━━━━━━━━

✅ WhatsApp connected!

🔍 Searching for group...
⚠️ Connection lost. Reconnecting in 3s...
🔗 Resolving invite code: Kp6y7Redb7S2qqrS2dA7GV
⚠️ Could not resolve invite code: Connection Closed
🔄 Polling https://sipnsnacks.vercel.app for new orders every 15s...


━━━━━━━━━━━━━━━━━━━━━━━━━━━━━━━━━━━━━━━━━━━━━━━━
🟢 Bot is running! Keep this terminal open.
━━━━━━━━━━━━━━━━━━━━━━━━━━━━━━━━━━━━━━━━━━━━━━━━

⚠️ Connection lost. Reconnecting in 3s...
✅ WhatsApp connected!

🔍 Searching for group...
🔗 Resolving invite code: Kp6y7Redb7S2qqrS2dA7GV

✅ Found group via invite: "sipsnacks online order" (120363428387928363@g.us)
🔄 Polling https://sipnsnacks.vercel.app for new orders every 15s...


━━━━━━━━━━━━━━━━━━━━━━━━━━━━━━━━━━━━━━━━━━━━━━━━
🟢 Bot is running! Keep this terminal open.
━━━━━━━━━━━━━━━━━━━━━━━━━━━━━━━━━━━━━━━━━━━━━━━━

⚠️ Connection lost. Reconnecting in 3s...
✅ WhatsApp connected!

🔍 Searching for group...
🔗 Resolving invite code: Kp6y7Redb7S2qqrS2dA7GV
⚠️ Could not resolve invite code: Invalid group metadata response: missing <group> node
🔄 Polling https://sipnsnacks.vercel.app for new orders every 15s...


━━━━━━━━━━━━━━━━━━━━━━━━━━━━━━━━━━━━━━━━━━━━━━━━
🟢 Bot is running! Keep this terminal open.
━━━━━━━━━━━━━━━━━━━━━━━━━━━━━━━━━━━━━━━━━━━━━━━━

⚠️ Connection lost. Reconnecting in 3s...
✅ WhatsApp connected!

🔍 Searching for group...
⚠️ Connection lost. Reconnecting in 3s...
🔗 Resolving invite code: Kp6y7Redb7S2qqrS2dA7GV
⚠️ Could not resolve invite code: Connection Closed
🔄 Polling https://sipnsnacks.vercel.app for new orders every 15s...


━━━━━━━━━━━━━━━━━━━━━━━━━━━━━━━━━━━━━━━━━━━━━━━━
🟢 Bot is running! Keep this terminal open.
━━━━━━━━━━━━━━━━━━━━━━━━━━━━━━━━━━━━━━━━━━━━━━━━

✅ WhatsApp connected!

🔍 Searching for group...
🔗 Resolving invite code: Kp6y7Redb7S2qqrS2dA7GV

✅ Found group via invite: "sipsnacks online order" (120363428387928363@g.us)
📥 Joining group...
ℹ️ Already in group or join not needed
🔄 Polling https://sipnsnacks.vercel.app for new orders every 15s...


━━━━━━━━━━━━━━━━━━━━━━━━━━━━━━━━━━━━━━━━━━━━━━━━
🟢 Bot is running! Keep this terminal open.
━━━━━━━━━━━━━━━━━━━━━━━━━━━━━━━━━━━━━━━━━━━━━━━━

⚠️ Connection lost. Reconnecting in 3s...
✅ WhatsApp connected!

🔍 Searching for group...
🔗 Resolving invite code: Kp6y7Redb7S2qqrS2dA7GV

✅ Found group via invite: "sipsnacks online order" (120363428387928363@g.us)
🔄 Polling https://sipnsnacks.vercel.app for new orders every 15s...


━━━━━━━━━━━━━━━━━━━━━━━━━━━━━━━━━━━━━━━━━━━━━━━━
🟢 Bot is running! Keep this terminal open.
━━━━━━━━━━━━━━━━━━━━━━━━━━━━━━━━━━━━━━━━━━━━━━━━

⚠️ Connection lost. Reconnecting in 3s...
✅ WhatsApp connected!

🔍 Searching for group...
🔗 Resolving invite code: Kp6y7Redb7S2qqrS2dA7GV

✅ Found group via invite: "sipsnacks online order" (120363428387928363@g.us)
🔄 Polling https://sipnsnacks.vercel.app for new orders every 15s...


━━━━━━━━━━━━━━━━━━━━━━━━━━━━━━━━━━━━━━━━━━━━━━━━
🟢 Bot is running! Keep this terminal open.
━━━━━━━━━━━━━━━━━━━━━━━━━━━━━━━━━━━━━━━━━━━━━━━━

